
Welcome to Gradle 9.5.0!

Here are the highlights of this release:
 - Task provenance in reports and failure messages
 - Type-safe accessors for precompiled Kotlin Settings plugins

For more details see https://docs.gradle.org/9.5.0/release-notes.html

To honour the JVM settings for this build a single-use Daemon process will be forked. For more on this, please refer to https://docs.gradle.org/9.5.0/userguide/gradle_daemon.html#sec:disabling_the_daemon in the Gradle documentation.
Daemon will be stopped at the end of the build 

FAILURE: Build failed with an exception.

* What went wrong:
A problem occurred configuring root project 'wraith'.
> Could not resolve all artifacts for configuration 'classpath'.
   > Could not resolve net.fabricmc:tiny-remapper:0.14.0.
     Required by:
         buildscript of root project 'wraith' > fabric-loom:fabric-loom.gradle.plugin:1.17.20 > net.fabricmc:fabric-loom:1.17.20
      > Could not resolve net.fabricmc:tiny-remapper:0.14.0.
         > Could not get resource 'https://maven.fabricmc.net/net/fabricmc/tiny-remapper/0.14.0/tiny-remapper-0.14.0.pom'.
            > Could not GET 'https://maven.fabricmc.net/net/fabricmc/tiny-remapper/0.14.0/tiny-remapper-0.14.0.pom'.
               > The server may not support the client's requested TLS protocol versions: (TLSv1.2, TLSv1.3). You may need to configure the client to allow other protocols to be used. For more on this, please refer to https://docs.gradle.org/9.5.0/userguide/build_environment.html#sec:gradle_system_properties in the Gradle documentation.
                  > Remote host terminated the handshake

* Try:
> Run with --stacktrace option to get the stack trace.
> Run with --info or --debug option to get more log output.
> Run with --scan to get full insights from a Build Scan (powered by Develocity).
> Get more help at https://help.gradle.org.

BUILD FAILED in 23s
EXIT:1
